#-----------------------------------------------------------
# Vivado v2018.3 (64-bit)
# SW Build 2405991 on Thu Dec  6 23:38:27 MST 2018
# IP Build 2404404 on Fri Dec  7 01:43:56 MST 2018
# Start of session at: Thu Jul  9 18:59:06 2020
# Process ID: 12184
# Current directory: C:/Users/69009/Desktop/3/ve370/project/2/project_2
# Command line: vivado.exe -gui_launcher_event rodinguilauncherevent13612 C:\Users\69009\Desktop\3\ve370\project\2\project_2\project_2.xpr
# Log file: C:/Users/69009/Desktop/3/ve370/project/2/project_2/vivado.log
# Journal file: C:/Users/69009/Desktop/3/ve370/project/2/project_2\vivado.jou
#-----------------------------------------------------------
start_gui
open_project C:/Users/69009/Desktop/3/ve370/project/2/project_2/project_2.xpr
update_compile_order -fileset sources_1
close [ open C:/Users/69009/Desktop/3/ve370/project/2/project_2/project_2.srcs/sources_1/new/SSD.v w ]
add_files C:/Users/69009/Desktop/3/ve370/project/2/project_2/project_2.srcs/sources_1/new/SSD.v
update_compile_order -fileset sources_1
update_compile_order -fileset sources_1
launch_runs synth_1 -jobs 4
wait_on_run synth_1
launch_runs impl_1 -jobs 4
wait_on_run impl_1
open_run impl_1
place_ports {O[6]} W7
place_ports {O[5]} W6
place_ports {O[4]} U8
place_ports {O[3]} V8
place_ports {O[2]} U5
place_ports {O[1]} V5
place_ports {O[0]} U7
place_ports anode1 V4
place_ports anode2 W4
place_ports anode3 U4
place_ports anode4 U2
place_ports clk W5
place_ports Pipe_go W19
place_ports {Address[4]} V17
place_ports {Address[3]} V16
place_ports {Address[2]} W16
place_ports {Address[1]} W17
place_ports {Address[0]} W15
set_property IOSTANDARD LVCMOS33 [get_ports [list {Address[4]} {Address[3]} {Address[2]} {Address[1]} {Address[0]}]]
set_property IOSTANDARD LVCMOS33 [get_ports [list {O[6]} {O[5]} {O[4]} {O[3]} {O[2]} {O[1]} {O[0]}]]
set_property IOSTANDARD LVCMOS33 [get_ports [list anode1]]
set_property IOSTANDARD LVCMOS33 [get_ports [list anode2]]
set_property IOSTANDARD LVCMOS33 [get_ports [list anode4]]
set_property IOSTANDARD LVCMOS33 [get_ports [list anode3]]
set_property IOSTANDARD LVCMOS33 [get_ports [list clk]]
set_property IOSTANDARD LVCMOS33 [get_ports [list Pipe_go]]
file mkdir C:/Users/69009/Desktop/3/ve370/project/2/project_2/project_2.srcs/constrs_1/new
close [ open C:/Users/69009/Desktop/3/ve370/project/2/project_2/project_2.srcs/constrs_1/new/1.xdc w ]
add_files -fileset constrs_1 C:/Users/69009/Desktop/3/ve370/project/2/project_2/project_2.srcs/constrs_1/new/1.xdc
set_property target_constrs_file C:/Users/69009/Desktop/3/ve370/project/2/project_2/project_2.srcs/constrs_1/new/1.xdc [current_fileset -constrset]
save_constraints -force
reset_run synth_1
launch_runs impl_1 -to_step write_bitstream -jobs 4
wait_on_run impl_1
reset_run synth_1
launch_runs impl_1 -jobs 4
wait_on_run impl_1
launch_runs impl_1 -to_step write_bitstream -jobs 4
wait_on_run impl_1
refresh_design
open_hw
connect_hw_server
open_hw_target
set_property PROBES.FILE {} [get_hw_devices xc7a35t_0]
set_property FULL_PROBES.FILE {} [get_hw_devices xc7a35t_0]
set_property PROGRAM.FILE {C:/Users/69009/Desktop/3/ve370/project/2/project_2/project_2.runs/impl_1/SSD.bit} [get_hw_devices xc7a35t_0]
program_hw_devices [get_hw_devices xc7a35t_0]
refresh_hw_device [lindex [get_hw_devices xc7a35t_0] 0]
close_hw
startgroup
set_property package_pin "" [get_ports [list  {Address[0]}]]
place_ports {Address[4]} W15
endgroup
place_ports {Address[0]} V17
startgroup
set_property package_pin "" [get_ports [list  {Address[3]}]]
place_ports {Address[1]} V16
endgroup
place_ports {Address[3]} W17
save_constraints
reset_run impl_1
launch_runs impl_1 -jobs 4
wait_on_run impl_1
launch_runs impl_1 -to_step write_bitstream -jobs 4
wait_on_run impl_1
open_hw
connect_hw_server
open_hw_target
set_property PROGRAM.FILE {C:/Users/69009/Desktop/3/ve370/project/2/project_2/project_2.runs/impl_1/SSD.bit} [get_hw_devices xc7a35t_0]
current_hw_device [get_hw_devices xc7a35t_0]
refresh_hw_device -update_hw_probes false [lindex [get_hw_devices xc7a35t_0] 0]
set_property PROBES.FILE {} [get_hw_devices xc7a35t_0]
set_property FULL_PROBES.FILE {} [get_hw_devices xc7a35t_0]
set_property PROGRAM.FILE {C:/Users/69009/Desktop/3/ve370/project/2/project_2/project_2.runs/impl_1/SSD.bit} [get_hw_devices xc7a35t_0]
program_hw_devices [get_hw_devices xc7a35t_0]
refresh_hw_device [lindex [get_hw_devices xc7a35t_0] 0]
refresh_hw_device [lindex [get_hw_devices xc7a35t_0] 0]
set_property PROBES.FILE {} [get_hw_devices xc7a35t_0]
set_property FULL_PROBES.FILE {} [get_hw_devices xc7a35t_0]
set_property PROGRAM.FILE {C:/Users/69009/Desktop/3/ve370/project/2/project_2/project_2.runs/impl_1/SSD.bit} [get_hw_devices xc7a35t_0]
program_hw_devices [get_hw_devices xc7a35t_0]
refresh_hw_device [lindex [get_hw_devices xc7a35t_0] 0]
close_hw
refresh_design
place_ports Pipe_go R2
startgroup
set_property package_pin "" [get_ports [list  anode4]]
place_ports anode1 U2
endgroup
startgroup
set_property package_pin "" [get_ports [list  anode3]]
place_ports anode2 U4
endgroup
place_ports anode3 V4
place_ports anode4 W4
reset_run synth_1
save_constraints
launch_runs impl_1 -jobs 4
wait_on_run impl_1
launch_runs impl_1 -to_step write_bitstream -jobs 4
wait_on_run impl_1
open_hw
connect_hw_server
open_hw_target
set_property PROGRAM.FILE {C:/Users/69009/Desktop/3/ve370/project/2/project_2/project_2.runs/impl_1/SSD.bit} [get_hw_devices xc7a35t_0]
current_hw_device [get_hw_devices xc7a35t_0]
refresh_hw_device -update_hw_probes false [lindex [get_hw_devices xc7a35t_0] 0]
set_property PROBES.FILE {} [get_hw_devices xc7a35t_0]
set_property FULL_PROBES.FILE {} [get_hw_devices xc7a35t_0]
set_property PROGRAM.FILE {C:/Users/69009/Desktop/3/ve370/project/2/project_2/project_2.runs/impl_1/SSD.bit} [get_hw_devices xc7a35t_0]
program_hw_devices [get_hw_devices xc7a35t_0]
refresh_hw_device [lindex [get_hw_devices xc7a35t_0] 0]
set_property PROBES.FILE {} [get_hw_devices xc7a35t_0]
set_property FULL_PROBES.FILE {} [get_hw_devices xc7a35t_0]
set_property PROGRAM.FILE {C:/Users/69009/Desktop/3/ve370/project/2/project_2/project_2.runs/impl_1/SSD.bit} [get_hw_devices xc7a35t_0]
program_hw_devices [get_hw_devices xc7a35t_0]
refresh_hw_device [lindex [get_hw_devices xc7a35t_0] 0]
set_property PROBES.FILE {} [get_hw_devices xc7a35t_0]
set_property FULL_PROBES.FILE {} [get_hw_devices xc7a35t_0]
set_property PROGRAM.FILE {C:/Users/69009/Desktop/3/ve370/project/2/project_2/project_2.runs/impl_1/SSD.bit} [get_hw_devices xc7a35t_0]
program_hw_devices [get_hw_devices xc7a35t_0]
refresh_hw_device [lindex [get_hw_devices xc7a35t_0] 0]
set_property PROBES.FILE {} [get_hw_devices xc7a35t_0]
set_property FULL_PROBES.FILE {} [get_hw_devices xc7a35t_0]
set_property PROGRAM.FILE {C:/Users/69009/Desktop/3/ve370/project/2/project_2/project_2.runs/impl_1/SSD.bit} [get_hw_devices xc7a35t_0]
program_hw_devices [get_hw_devices xc7a35t_0]
refresh_hw_device [lindex [get_hw_devices xc7a35t_0] 0]
close_hw
place_ports Pipe_go W19
save_constraints -force
reset_run impl_1
launch_runs impl_1 -jobs 4
wait_on_run impl_1
launch_runs impl_1 -to_step write_bitstream -jobs 4
wait_on_run impl_1
refresh_design
open_hw
connect_hw_server
open_hw_target
set_property PROGRAM.FILE {C:/Users/69009/Desktop/3/ve370/project/2/project_2/project_2.runs/impl_1/SSD.bit} [get_hw_devices xc7a35t_0]
current_hw_device [get_hw_devices xc7a35t_0]
refresh_hw_device -update_hw_probes false [lindex [get_hw_devices xc7a35t_0] 0]
set_property PROBES.FILE {} [get_hw_devices xc7a35t_0]
set_property FULL_PROBES.FILE {} [get_hw_devices xc7a35t_0]
set_property PROGRAM.FILE {C:/Users/69009/Desktop/3/ve370/project/2/project_2/project_2.runs/impl_1/SSD.bit} [get_hw_devices xc7a35t_0]
program_hw_devices [get_hw_devices xc7a35t_0]
refresh_hw_device [lindex [get_hw_devices xc7a35t_0] 0]
close_hw
reset_run synth_1
launch_runs impl_1 -jobs 4
wait_on_run impl_1
launch_runs impl_1 -to_step write_bitstream -jobs 4
wait_on_run impl_1
refresh_design
open_hw
connect_hw_server
open_hw_target
set_property PROGRAM.FILE {C:/Users/69009/Desktop/3/ve370/project/2/project_2/project_2.runs/impl_1/SSD.bit} [get_hw_devices xc7a35t_0]
current_hw_device [get_hw_devices xc7a35t_0]
refresh_hw_device -update_hw_probes false [lindex [get_hw_devices xc7a35t_0] 0]
set_property PROBES.FILE {} [get_hw_devices xc7a35t_0]
set_property FULL_PROBES.FILE {} [get_hw_devices xc7a35t_0]
set_property PROGRAM.FILE {C:/Users/69009/Desktop/3/ve370/project/2/project_2/project_2.runs/impl_1/SSD.bit} [get_hw_devices xc7a35t_0]
program_hw_devices [get_hw_devices xc7a35t_0]
refresh_hw_device [lindex [get_hw_devices xc7a35t_0] 0]
close_hw
